// Vitest Snapshot v1, https://vitest.dev/guide/snapshot.html

exports[`'(1) This plugin doesn\\'t support markâ€¦' > expectation 1`] = `
"\`\`\`jsx
export function Foo({ children }) {
  return (
    <div className="lorem ipsum dolor sit amet consectetur adipiscing elit proin ex massa hendrerit eu posuere eu volutpat id neque pellentesque">
      {children}
    </div>
  );
}
\`\`\`
"
`;
